Microsoft Windows [Version 10.0.17763.973]
(c) 2018 Microsoft Corporation. All rights reserved.

C:\Users\ASUS>heroku pg:info
 »   Error: Missing required flag:
 »     -a, --app APP  app to run command against
 »   See more help with --help

C:\Users\ASUS>cd git

C:\Users\ASUS\Git>dir
 Volume in drive C is OS
 Volume Serial Number is 7480-8259

 Directory of C:\Users\ASUS\Git

25/02/2020  10:08 AM    <DIR>          .
25/02/2020  10:08 AM    <DIR>          ..
09/10/2019  07:00 PM    <DIR>          CleanAddis
15/10/2019  10:35 AM    <DIR>          contact
07/02/2020  08:06 AM    <DIR>          FileUpload
24/02/2020  02:40 PM    <DIR>          FileUploadHerkou
13/02/2020  10:48 PM    <DIR>          FileUploadHerkou - Copy
10/11/2019  05:08 PM    <DIR>          MarakiGallery
25/01/2020  01:14 PM    <DIR>          music-sharing
23/12/2019  07:48 AM    <DIR>          MyProject
25/02/2020  10:19 AM    <DIR>          origin-plc-react
26/02/2020  09:39 AM    <DIR>          originplc
11/10/2019  09:14 PM    <DIR>          recipe
19/01/2020  10:07 PM    <DIR>          RubyYellowPage
03/02/2020  09:14 AM    <DIR>          SchoolLifeBotPy
02/02/2020  11:54 PM    <DIR>          TelegramBot
30/11/2019  11:26 AM    <DIR>          TryOne
19/01/2020  09:36 PM    <DIR>          XML-data-persistence
19/01/2020  09:42 PM    <DIR>          Xquery
10/10/2019  07:43 PM    <DIR>          yellow-page
               0 File(s)              0 bytes
              20 Dir(s)  113,736,654,848 bytes free

C:\Users\ASUS\Git>cd FileUploadHerkou

C:\Users\ASUS\Git\FileUploadHerkou>heroku pg:info
=== DATABASE_URL
Plan:                  Hobby-dev
Status:                Available
Connections:           0/20
PG Version:            12.1
Created:               2020-02-25 06:11 UTC
Data Size:             7.9 MB
Tables:                0
Rows:                  0/10000 (In compliance)
Fork/Follow:           Unsupported
Rollback:              Unsupported
Continuous Protection: Off
Add-on:                postgresql-triangular-26912


C:\Users\ASUS\Git\FileUploadHerkou>heroku pg:credentials DATABASE
 !    pg:credentials has recently changed. Please use pg:credentials:url for the
 !    previous output.
Credential                                State
────────────────────────────────────────  ──────
default                                   active
 └─ as DATABASE on ⬢ eth-school-life app

C:\Users\ASUS\Git\FileUploadHerkou> pg:credentials:url
The filename, directory name, or volume label syntax is incorrect.

C:\Users\ASUS\Git\FileUploadHerkou>heroku pg:credentials:url
Connection information for default credential.
Connection info string:
   "dbname=d85p7u7sscd8gq host=ec2-3-91-112-166.compute-1.amazonaws.com port=5432 user=pytncvmmqpzccp password=3848e4d0d6bfa337fb9c6db4cd3e5032db3d336db85893e4d7f898a1b519b9c8 sslmode=require"
Connection URL:
   postgres://pytncvmmqpzccp:3848e4d0d6bfa337fb9c6db4cd3e5032db3d336db85893e4d7f898a1b519b9c8@ec2-3-91-112-166.compute-1.amazonaws.com:5432/d85p7u7sscd8gq

C:\Users\ASUS\Git\FileUploadHerkou>heroku pg:psql
--> Connecting to postgresql-triangular-26912
psql (12.1)
WARNING: Console code page (437) differs from Windows code page (1252)
         8-bit characters might not work correctly. See psql reference
         page "Notes for Windows users" for details.
SSL connection (protocol: TLSv1.2, cipher: ECDHE-RSA-AES256-GCM-SHA384, bits: 256, compression: off)
Type "help" for help.

eth-school-life::DATABASE=> create Table FireTable( id string primary key ,userId string ,postId string );
server closed the connection unexpectedly
        This probably means the server terminated abnormally
        before or while processing the request.
The connection to the server was lost. Attempting reset: Failed.
eth-school-life::DATABASE!> create Table FireTable( id string primary key ,userId string ,postId string );
You are currently not connected to a database.
eth-school-life::DATABASE!> heroku pg:psql
eth-school-life::DATABASE-> create Table FireTable( id string primary key ,userId string ,postId string );
You are currently not connected to a database.
eth-school-life::DATABASE!> ^X
eth-school-life::DATABASE-> ^Z
\q

C:\Users\ASUS\Git\FileUploadHerkou>heroku pg:psql
^CTerminate batch job (Y/N)? y

C:\Users\ASUS\Git\FileUploadHerkou>curl --version
curl 7.55.1 (Windows) libcurl/7.55.1 WinSSL
Release-Date: [unreleased]
Protocols: dict file ftp ftps http https imap imaps pop3 pop3s smtp smtps telnet tftp
Features: AsynchDNS IPv6 Largefile SSPI Kerberos SPNEGO NTLM SSL

C:\Users\ASUS\Git\FileUploadHerkou>curl --version
curl 7.55.1 (Windows) libcurl/7.55.1 WinSSL
Release-Date: [unreleased]
Protocols: dict file ftp ftps http https imap imaps pop3 pop3s smtp smtps telnet tftp
Features: AsynchDNS IPv6 Largefile SSPI Kerberos SPNEGO NTLM SSL

C:\Users\ASUS\Git\FileUploadHerkou>heroku pg:psql
--> Connecting to postgresql-triangular-26912
psql (12.1)
WARNING: Console code page (437) differs from Windows code page (1252)
         8-bit characters might not work correctly. See psql reference
         page "Notes for Windows users" for details.
SSL connection (protocol: TLSv1.2, cipher: ECDHE-RSA-AES256-GCM-SHA384, bits: 256, compression: off)
Type "help" for help.

eth-school-life::DATABASE=> create Table FireTable ( id string primary key ,userId string ,postId string );
ERROR:  type "string" does not exist
LINE 1: create Table FireTable ( id string primary key ,userId strin...
                                    ^
eth-school-life::DATABASE=> create Table FireTable( id varchar(100) primary key ,userId varchar(100) ,postId varchar(100) );
CREATE TABLE
eth-school-life::DATABASE=> create Table LikeTable( id varchar(100) primary key ,userId varchar(100) ,postId varchar(100) );
CREATE TABLE
eth-school-life::DATABASE=> create Table PostRateNumber( postId varchar(100) primary key ,fireNumber integer ,likeNumber integer);
CREATE TABLE
eth-school-life::DATABASE=> ^X
eth-school-life::DATABASE-> ^Z
\q

C:\Users\ASUS\Git\FileUploadHerkou>
C:\Users\ASUS\Git\FileUploadHerkou>heroku git add .
manage local git repository for app

USAGE
  $ heroku git:COMMAND

COMMANDS
  git:clone   clones a heroku app to your local machine at DIRECTORY (defaults to app name)
  git:remote  adds a git remote to an app repo


C:\Users\ASUS\Git\FileUploadHerkou>heroku add .
 »   Warning: add is not a heroku command.
Did you mean addons? [y/n]:
 »   Error: Run heroku help for a list of available commands.

C:\Users\ASUS\Git\FileUploadHerkou>heroku commit -am "db connection added"
 »   Warning: commit is not a heroku command.
Did you mean config? [y/n]:
 »   Error: Run heroku help for a list of available commands.

C:\Users\ASUS\Git\FileUploadHerkou>heroku help
CLI to interact with Heroku

VERSION
  heroku/7.38.2 win32-x64 node-v12.13.0

USAGE
  $ heroku [COMMAND]

COMMANDS
  access          manage user access to apps
  addons          tools and services for developing, extending, and operating your app
  apps            manage apps on Heroku
  auth            check 2fa status
  authorizations  OAuth authorizations
  autocomplete    display autocomplete installation instructions
  base
  buildpacks      scripts used to compile apps
  certs           a topic for the ssl plugin
  ci              run an application test suite on Heroku
  clients         OAuth clients on the platform
  config          environment variables of apps
  container       Use containers to build and deploy Heroku apps
  domains         custom domains for apps
  drains          forward logs to syslog or HTTPS
  features        add/remove app features
  git             manage local git repository for app
  help            display help for heroku
  keys            add/remove account ssh keys
  labs            add/remove experimental features
  local           run Heroku app locally
  logs            display recent log output
  maintenance     enable/disable access to app
  members         manage organization members
  notifications   display notifications
  orgs            manage organizations
  pg              manage postgresql databases
  pipelines       manage pipelines
  plugins         list installed plugins
  ps              Client tools for Heroku Exec
  psql            open a psql shell to the database
  redis           manage heroku redis instances
  regions         list available regions for deployment
  releases        display the releases for an app
  reviewapps      manage reviewapps in pipelines
  run             run a one-off process inside a Heroku dyno
  sessions        OAuth sessions
  spaces          manage heroku private spaces
  status          status of the Heroku platform
  teams           manage teams
  update          update the Heroku CLI
  webhooks        list webhooks on an app


C:\Users\ASUS\Git\FileUploadHerkou>heroku git commit -am "db connection added"
manage local git repository for app

USAGE
  $ heroku git:COMMAND

COMMANDS
  git:clone   clones a heroku app to your local machine at DIRECTORY (defaults to app name)
  git:remote  adds a git remote to an app repo


C:\Users\ASUS\Git\FileUploadHerkou>git commit heroku -am "db connection added"
fatal: Paths with -a does not make sense.

C:\Users\ASUS\Git\FileUploadHerkou>git commit -am "db connection added"
warning: LF will be replaced by CRLF in package-lock.json.
The file will have its original line endings in your working directory.
warning: LF will be replaced by CRLF in package.json.
The file will have its original line endings in your working directory.
[master 6b416f7] db connection added
 4 files changed, 185 insertions(+), 24 deletions(-)

C:\Users\ASUS\Git\FileUploadHerkou>git push heroku master
Counting objects: 6, done.
Delta compression using up to 8 threads.
Compressing objects: 100% (6/6), done.
Writing objects: 100% (6/6), 3.40 KiB | 0 bytes/s, done.
Total 6 (delta 3), reused 0 (delta 0)
remote: Compressing source files... done.
remote: Building source:
remote:
remote: -----> Node.js app detected
remote:
remote: -----> Creating runtime environment
remote:
remote:        NPM_CONFIG_LOGLEVEL=error
remote:        NODE_ENV=production
remote:        NODE_MODULES_CACHE=true
remote:        NODE_VERBOSE=false
remote:
remote: -----> Installing binaries
remote:        engines.node (package.json):  unspecified
remote:        engines.npm (package.json):   unspecified (use default)
remote:
remote:        Resolving node version 12.x...
remote:        Downloading and installing node 12.16.1...
remote:        Using default npm version: 6.13.4
remote:
remote: -----> Restoring cache
remote:        Cached directories were not restored due to a change in version of node, npm, yarn or stack
remote:        Module installation may take longer for this build
remote:
remote: -----> Installing dependencies
remote:        Prebuild detected (node_modules already exists)
remote:        Rebuilding any native modules
remote:        axios@0.19.2 /tmp/build_2f4cc0977be4403fcf87c86954823a15/node_modules/axios
remote:        follow-redirects@1.5.10 /tmp/build_2f4cc0977be4403fcf87c86954823a15/node_modules/follow-redirects
remote:        debug@3.1.0 /tmp/build_2f4cc0977be4403fcf87c86954823a15/node_modules/debug
remote:        ms@2.0.0 /tmp/build_2f4cc0977be4403fcf87c86954823a15/node_modules/ms
remote:        body-parser@1.19.0 /tmp/build_2f4cc0977be4403fcf87c86954823a15/node_modules/body-parser
remote:        bytes@3.1.0 /tmp/build_2f4cc0977be4403fcf87c86954823a15/node_modules/bytes
remote:        content-type@1.0.4 /tmp/build_2f4cc0977be4403fcf87c86954823a15/node_modules/content-type
remote:        debug@2.6.9 /tmp/build_2f4cc0977be4403fcf87c86954823a15/node_modules/body-parser/node_modules/debug
remote:        depd@1.1.2 /tmp/build_2f4cc0977be4403fcf87c86954823a15/node_modules/depd
remote:        http-errors@1.7.2 /tmp/build_2f4cc0977be4403fcf87c86954823a15/node_modules/http-errors
remote:        inherits@2.0.3 /tmp/build_2f4cc0977be4403fcf87c86954823a15/node_modules/inherits
remote:        setprototypeof@1.1.1 /tmp/build_2f4cc0977be4403fcf87c86954823a15/node_modules/setprototypeof
remote:        statuses@1.5.0 /tmp/build_2f4cc0977be4403fcf87c86954823a15/node_modules/statuses
remote:        toidentifier@1.0.0 /tmp/build_2f4cc0977be4403fcf87c86954823a15/node_modules/toidentifier
remote:        iconv-lite@0.4.24 /tmp/build_2f4cc0977be4403fcf87c86954823a15/node_modules/iconv-lite
remote:        safer-buffer@2.1.2 /tmp/build_2f4cc0977be4403fcf87c86954823a15/node_modules/safer-buffer
remote:        on-finished@2.3.0 /tmp/build_2f4cc0977be4403fcf87c86954823a15/node_modules/on-finished
remote:        ee-first@1.1.1 /tmp/build_2f4cc0977be4403fcf87c86954823a15/node_modules/ee-first
remote:        qs@6.7.0 /tmp/build_2f4cc0977be4403fcf87c86954823a15/node_modules/qs
remote:        raw-body@2.4.0 /tmp/build_2f4cc0977be4403fcf87c86954823a15/node_modules/raw-body
remote:        unpipe@1.0.0 /tmp/build_2f4cc0977be4403fcf87c86954823a15/node_modules/unpipe
remote:        type-is@1.6.18 /tmp/build_2f4cc0977be4403fcf87c86954823a15/node_modules/type-is
remote:        media-typer@0.3.0 /tmp/build_2f4cc0977be4403fcf87c86954823a15/node_modules/media-typer
remote:        mime-types@2.1.26 /tmp/build_2f4cc0977be4403fcf87c86954823a15/node_modules/mime-types
remote:        mime-db@1.43.0 /tmp/build_2f4cc0977be4403fcf87c86954823a15/node_modules/mime-db
remote:        dotenv@8.2.0 /tmp/build_2f4cc0977be4403fcf87c86954823a15/node_modules/dotenv
remote:        express@4.17.1 /tmp/build_2f4cc0977be4403fcf87c86954823a15/node_modules/express
remote:        accepts@1.3.7 /tmp/build_2f4cc0977be4403fcf87c86954823a15/node_modules/accepts
remote:        negotiator@0.6.2 /tmp/build_2f4cc0977be4403fcf87c86954823a15/node_modules/negotiator
remote:        array-flatten@1.1.1 /tmp/build_2f4cc0977be4403fcf87c86954823a15/node_modules/array-flatten
remote:        content-disposition@0.5.3 /tmp/build_2f4cc0977be4403fcf87c86954823a15/node_modules/content-disposition
remote:        safe-buffer@5.1.2 /tmp/build_2f4cc0977be4403fcf87c86954823a15/node_modules/safe-buffer
remote:        cookie@0.4.0 /tmp/build_2f4cc0977be4403fcf87c86954823a15/node_modules/cookie
remote:        cookie-signature@1.0.6 /tmp/build_2f4cc0977be4403fcf87c86954823a15/node_modules/cookie-signature
remote:        debug@2.6.9 /tmp/build_2f4cc0977be4403fcf87c86954823a15/node_modules/express/node_modules/debug
remote:        encodeurl@1.0.2 /tmp/build_2f4cc0977be4403fcf87c86954823a15/node_modules/encodeurl
remote:        escape-html@1.0.3 /tmp/build_2f4cc0977be4403fcf87c86954823a15/node_modules/escape-html
remote:        etag@1.8.1 /tmp/build_2f4cc0977be4403fcf87c86954823a15/node_modules/etag
remote:        finalhandler@1.1.2 /tmp/build_2f4cc0977be4403fcf87c86954823a15/node_modules/finalhandler
remote:        debug@2.6.9 /tmp/build_2f4cc0977be4403fcf87c86954823a15/node_modules/finalhandler/node_modules/debug
remote:        parseurl@1.3.3 /tmp/build_2f4cc0977be4403fcf87c86954823a15/node_modules/parseurl
remote:        fresh@0.5.2 /tmp/build_2f4cc0977be4403fcf87c86954823a15/node_modules/fresh
remote:        merge-descriptors@1.0.1 /tmp/build_2f4cc0977be4403fcf87c86954823a15/node_modules/merge-descriptors
remote:        methods@1.1.2 /tmp/build_2f4cc0977be4403fcf87c86954823a15/node_modules/methods
remote:        path-to-regexp@0.1.7 /tmp/build_2f4cc0977be4403fcf87c86954823a15/node_modules/path-to-regexp
remote:        proxy-addr@2.0.5 /tmp/build_2f4cc0977be4403fcf87c86954823a15/node_modules/proxy-addr
remote:        forwarded@0.1.2 /tmp/build_2f4cc0977be4403fcf87c86954823a15/node_modules/forwarded
remote:        ipaddr.js@1.9.0 /tmp/build_2f4cc0977be4403fcf87c86954823a15/node_modules/ipaddr.js
remote:        range-parser@1.2.1 /tmp/build_2f4cc0977be4403fcf87c86954823a15/node_modules/range-parser
remote:        send@0.17.1 /tmp/build_2f4cc0977be4403fcf87c86954823a15/node_modules/send
remote:        debug@2.6.9 /tmp/build_2f4cc0977be4403fcf87c86954823a15/node_modules/send/node_modules/debug
remote:        ms@2.0.0 /tmp/build_2f4cc0977be4403fcf87c86954823a15/node_modules/send/node_modules/debug/node_modules/ms
remote:        destroy@1.0.4 /tmp/build_2f4cc0977be4403fcf87c86954823a15/node_modules/destroy
remote:        mime@1.6.0 /tmp/build_2f4cc0977be4403fcf87c86954823a15/node_modules/mime
remote:        ms@2.1.1 /tmp/build_2f4cc0977be4403fcf87c86954823a15/node_modules/send/node_modules/ms
remote:        serve-static@1.14.1 /tmp/build_2f4cc0977be4403fcf87c86954823a15/node_modules/serve-static
remote:        utils-merge@1.0.1 /tmp/build_2f4cc0977be4403fcf87c86954823a15/node_modules/utils-merge
remote:        vary@1.1.2 /tmp/build_2f4cc0977be4403fcf87c86954823a15/node_modules/vary
remote:        node-telegram-bot-api@0.40.0 /tmp/build_2f4cc0977be4403fcf87c86954823a15/node_modules/node-telegram-bot-api
remote:        array.prototype.findindex@2.0.2 /tmp/build_2f4cc0977be4403fcf87c86954823a15/node_modules/array.prototype.findindex
remote:        define-properties@1.1.3 /tmp/build_2f4cc0977be4403fcf87c86954823a15/node_modules/define-properties
remote:        object-keys@1.1.1 /tmp/build_2f4cc0977be4403fcf87c86954823a15/node_modules/object-keys
remote:        es-abstract@1.17.4 /tmp/build_2f4cc0977be4403fcf87c86954823a15/node_modules/es-abstract
remote:        es-to-primitive@1.2.1 /tmp/build_2f4cc0977be4403fcf87c86954823a15/node_modules/es-to-primitive
remote:        is-callable@1.1.5 /tmp/build_2f4cc0977be4403fcf87c86954823a15/node_modules/is-callable
remote:        is-date-object@1.0.2 /tmp/build_2f4cc0977be4403fcf87c86954823a15/node_modules/is-date-object
remote:        is-symbol@1.0.3 /tmp/build_2f4cc0977be4403fcf87c86954823a15/node_modules/is-symbol
remote:        has-symbols@1.0.1 /tmp/build_2f4cc0977be4403fcf87c86954823a15/node_modules/has-symbols
remote:        function-bind@1.1.1 /tmp/build_2f4cc0977be4403fcf87c86954823a15/node_modules/function-bind
remote:        has@1.0.3 /tmp/build_2f4cc0977be4403fcf87c86954823a15/node_modules/has
remote:        is-regex@1.0.5 /tmp/build_2f4cc0977be4403fcf87c86954823a15/node_modules/is-regex
remote:        object-inspect@1.7.0 /tmp/build_2f4cc0977be4403fcf87c86954823a15/node_modules/object-inspect
remote:        object.assign@4.1.0 /tmp/build_2f4cc0977be4403fcf87c86954823a15/node_modules/object.assign
remote:        string.prototype.trimleft@2.1.1 /tmp/build_2f4cc0977be4403fcf87c86954823a15/node_modules/string.prototype.trimleft
remote:        string.prototype.trimright@2.1.1 /tmp/build_2f4cc0977be4403fcf87c86954823a15/node_modules/string.prototype.trimright
remote:        bl@1.2.2 /tmp/build_2f4cc0977be4403fcf87c86954823a15/node_modules/bl
remote:        readable-stream@2.3.7 /tmp/build_2f4cc0977be4403fcf87c86954823a15/node_modules/readable-stream
remote:        core-util-is@1.0.2 /tmp/build_2f4cc0977be4403fcf87c86954823a15/node_modules/core-util-is
remote:        isarray@1.0.0 /tmp/build_2f4cc0977be4403fcf87c86954823a15/node_modules/isarray
remote:        process-nextick-args@2.0.1 /tmp/build_2f4cc0977be4403fcf87c86954823a15/node_modules/process-nextick-args
remote:        string_decoder@1.1.1 /tmp/build_2f4cc0977be4403fcf87c86954823a15/node_modules/string_decoder
remote:        util-deprecate@1.0.2 /tmp/build_2f4cc0977be4403fcf87c86954823a15/node_modules/util-deprecate
remote:        bluebird@3.7.2 /tmp/build_2f4cc0977be4403fcf87c86954823a15/node_modules/bluebird
remote:        eventemitter3@3.1.2 /tmp/build_2f4cc0977be4403fcf87c86954823a15/node_modules/eventemitter3
remote:        file-type@3.9.0 /tmp/build_2f4cc0977be4403fcf87c86954823a15/node_modules/file-type
remote:        pump@2.0.1 /tmp/build_2f4cc0977be4403fcf87c86954823a15/node_modules/pump
remote:        end-of-stream@1.4.4 /tmp/build_2f4cc0977be4403fcf87c86954823a15/node_modules/end-of-stream
remote:        once@1.4.0 /tmp/build_2f4cc0977be4403fcf87c86954823a15/node_modules/once
remote:        wrappy@1.0.2 /tmp/build_2f4cc0977be4403fcf87c86954823a15/node_modules/wrappy
remote:        request@2.88.0 /tmp/build_2f4cc0977be4403fcf87c86954823a15/node_modules/request
remote:        aws-sign2@0.7.0 /tmp/build_2f4cc0977be4403fcf87c86954823a15/node_modules/aws-sign2
remote:        aws4@1.9.1 /tmp/build_2f4cc0977be4403fcf87c86954823a15/node_modules/aws4
remote:        caseless@0.12.0 /tmp/build_2f4cc0977be4403fcf87c86954823a15/node_modules/caseless
remote:        combined-stream@1.0.8 /tmp/build_2f4cc0977be4403fcf87c86954823a15/node_modules/combined-stream
remote:        delayed-stream@1.0.0 /tmp/build_2f4cc0977be4403fcf87c86954823a15/node_modules/delayed-stream
remote:        extend@3.0.2 /tmp/build_2f4cc0977be4403fcf87c86954823a15/node_modules/extend
remote:        forever-agent@0.6.1 /tmp/build_2f4cc0977be4403fcf87c86954823a15/node_modules/forever-agent
remote:        form-data@2.3.3 /tmp/build_2f4cc0977be4403fcf87c86954823a15/node_modules/form-data
remote:        asynckit@0.4.0 /tmp/build_2f4cc0977be4403fcf87c86954823a15/node_modules/asynckit
remote:        har-validator@5.1.3 /tmp/build_2f4cc0977be4403fcf87c86954823a15/node_modules/har-validator
remote:        ajv@6.11.0 /tmp/build_2f4cc0977be4403fcf87c86954823a15/node_modules/ajv
remote:        fast-deep-equal@3.1.1 /tmp/build_2f4cc0977be4403fcf87c86954823a15/node_modules/fast-deep-equal
remote:        fast-json-stable-stringify@2.1.0 /tmp/build_2f4cc0977be4403fcf87c86954823a15/node_modules/fast-json-stable-stringify
remote:        json-schema-traverse@0.4.1 /tmp/build_2f4cc0977be4403fcf87c86954823a15/node_modules/json-schema-traverse
remote:        uri-js@4.2.2 /tmp/build_2f4cc0977be4403fcf87c86954823a15/node_modules/uri-js
remote:        punycode@2.1.1 /tmp/build_2f4cc0977be4403fcf87c86954823a15/node_modules/punycode
remote:        har-schema@2.0.0 /tmp/build_2f4cc0977be4403fcf87c86954823a15/node_modules/har-schema
remote:        http-signature@1.2.0 /tmp/build_2f4cc0977be4403fcf87c86954823a15/node_modules/http-signature
remote:        assert-plus@1.0.0 /tmp/build_2f4cc0977be4403fcf87c86954823a15/node_modules/assert-plus
remote:        jsprim@1.4.1 /tmp/build_2f4cc0977be4403fcf87c86954823a15/node_modules/jsprim
remote:        extsprintf@1.3.0 /tmp/build_2f4cc0977be4403fcf87c86954823a15/node_modules/extsprintf
remote:        json-schema@0.2.3 /tmp/build_2f4cc0977be4403fcf87c86954823a15/node_modules/json-schema
remote:        verror@1.10.0 /tmp/build_2f4cc0977be4403fcf87c86954823a15/node_modules/verror
remote:        sshpk@1.16.1 /tmp/build_2f4cc0977be4403fcf87c86954823a15/node_modules/sshpk
remote:        asn1@0.2.4 /tmp/build_2f4cc0977be4403fcf87c86954823a15/node_modules/asn1
remote:        bcrypt-pbkdf@1.0.2 /tmp/build_2f4cc0977be4403fcf87c86954823a15/node_modules/bcrypt-pbkdf
remote:        tweetnacl@0.14.5 /tmp/build_2f4cc0977be4403fcf87c86954823a15/node_modules/tweetnacl
remote:        dashdash@1.14.1 /tmp/build_2f4cc0977be4403fcf87c86954823a15/node_modules/dashdash
remote:        ecc-jsbn@0.1.2 /tmp/build_2f4cc0977be4403fcf87c86954823a15/node_modules/ecc-jsbn
remote:        jsbn@0.1.1 /tmp/build_2f4cc0977be4403fcf87c86954823a15/node_modules/jsbn
remote:        getpass@0.1.7 /tmp/build_2f4cc0977be4403fcf87c86954823a15/node_modules/getpass
remote:        is-typedarray@1.0.0 /tmp/build_2f4cc0977be4403fcf87c86954823a15/node_modules/is-typedarray
remote:        isstream@0.1.2 /tmp/build_2f4cc0977be4403fcf87c86954823a15/node_modules/isstream
remote:        json-stringify-safe@5.0.1 /tmp/build_2f4cc0977be4403fcf87c86954823a15/node_modules/json-stringify-safe
remote:        oauth-sign@0.9.0 /tmp/build_2f4cc0977be4403fcf87c86954823a15/node_modules/oauth-sign
remote:        performance-now@2.1.0 /tmp/build_2f4cc0977be4403fcf87c86954823a15/node_modules/performance-now
remote:        qs@6.5.2 /tmp/build_2f4cc0977be4403fcf87c86954823a15/node_modules/request/node_modules/qs
remote:        tough-cookie@2.4.3 /tmp/build_2f4cc0977be4403fcf87c86954823a15/node_modules/tough-cookie
remote:        psl@1.7.0 /tmp/build_2f4cc0977be4403fcf87c86954823a15/node_modules/psl
remote:        punycode@1.4.1 /tmp/build_2f4cc0977be4403fcf87c86954823a15/node_modules/tough-cookie/node_modules/punycode
remote:        tunnel-agent@0.6.0 /tmp/build_2f4cc0977be4403fcf87c86954823a15/node_modules/tunnel-agent
remote:        uuid@3.4.0 /tmp/build_2f4cc0977be4403fcf87c86954823a15/node_modules/uuid
remote:        request-promise@4.2.5 /tmp/build_2f4cc0977be4403fcf87c86954823a15/node_modules/request-promise
remote:        request-promise-core@1.1.3 /tmp/build_2f4cc0977be4403fcf87c86954823a15/node_modules/request-promise-core
remote:        lodash@4.17.15 /tmp/build_2f4cc0977be4403fcf87c86954823a15/node_modules/lodash
remote:        stealthy-require@1.1.1 /tmp/build_2f4cc0977be4403fcf87c86954823a15/node_modules/stealthy-require
remote:        Installing any new modules (package.json)
remote:        added 17 packages from 9 contributors and audited 309 packages in 1.856s
remote:
remote:        10 packages are looking for funding
remote:          run `npm fund` for details
remote:
remote:        found 0 vulnerabilities
remote:
remote:
remote: -----> Build
remote:
remote: -----> Caching build
remote:        - node_modules
remote:
remote: -----> Pruning devDependencies
remote:        audited 309 packages in 1.468s
remote:
remote:        10 packages are looking for funding
remote:          run `npm fund` for details
remote:
remote:        found 0 vulnerabilities
remote:
remote:
remote: -----> Build succeeded!
remote: -----> Discovering process types
remote:        Procfile declares types     -> (none)
remote:        Default types for buildpack -> web
remote:
remote: -----> Compressing...
remote:        Done: 24.7M
remote: -----> Launching...
remote:        Released v71
remote:        https://eth-school-life.herokuapp.com/ deployed to Heroku
remote:
remote: Verifying deploy... done.
To https://git.heroku.com/eth-school-life.git
   f13f46f..6b416f7  master -> master

C:\Users\ASUS\Git\FileUploadHerkou>